
ENTER Standard Identifier Table
---------------------------------------------------------------------------

ENTER a
---------------------------------------------------------------------------
/* program A */

ENTER b
---------------------------------------------------------------------------
/* scopeEntry B */
    b
        i integer
        j integer
        k integer
    
        
EXIT b
===========================================================================
/* scopeExit B */

ENTER c
---------------------------------------------------------------------------
/* scopeEntry C */
    c
    
        
EXIT c
===========================================================================
/* scopeExit C */

ENTER d
---------------------------------------------------------------------------
/* scopeEntry D */

ENTER e
---------------------------------------------------------------------------
/* scopeEntry E */
        e
        
            i integer
            
EXIT e
===========================================================================
/* scopeExit E */

ENTER f
---------------------------------------------------------------------------
/* scopeEntry F */
        f
        
            x integer
            j integer
            k integer
            
EXIT f
===========================================================================
/* scopeExit F */
    d
        i integer
        j integer
        k integer
    
        x integer
        y integer
        e
        f
        
EXIT d
===========================================================================
/* scopeExit D */

ENTER g
---------------------------------------------------------------------------
/* scopeEntry G */
    g
    
        
EXIT g
===========================================================================
/* scopeExit G */
    x integer
    y integer
    z integer
    b
    c
    d
    g
    
EXIT a
===========================================================================
/* scopeExit example */
integer
boolean
real
char
write
writeln
read
readln
new
dispose

EXIT Standard Identifier Table
===========================================================================
