300   yprogram         
281   yident           arrayerror
285   yleftparen       
281   yident           input
264   ycomma           
281   yident           output
306   yrightparen      
307   ysemicolon       
/* Illegal to have string subscripts in array. */
/* Error that must be caught through action code, passes grammar. */
/* There are many illegal ranges; all of these are illegal. */
313   ytype            
281   yident           array1
275   yequal           
258   yarray           
284   yleftbracket     
309   ystring          abcd
271   ydotdot          
309   ystring          xyz
305   yrightbracket    
296   yof              
281   yident           integer
307   ysemicolon       
281   yident           array2
275   yequal           
258   yarray           
284   yleftbracket     
295   ynumber          5
271   ydotdot          
295   ynumber          1
305   yrightbracket    
296   yof              
281   yident           integer
307   ysemicolon       
281   yident           array3
275   yequal           
258   yarray           
284   yleftbracket     
295   ynumber          1
271   ydotdot          
295   ynumber          8.5
305   yrightbracket    
296   yof              
281   yident           integer
307   ysemicolon       
281   yident           array4
275   yequal           
258   yarray           
284   yleftbracket     
295   ynumber          2.6
271   ydotdot          
295   ynumber          8.5
305   yrightbracket    
296   yof              
281   yident           integer
307   ysemicolon       
315   yvar             
281   yident           a
263   ycolon           
281   yident           array1
307   ysemicolon       
281   yident           i
263   ycolon           
281   yident           integer
307   ysemicolon       
260   ybegin           
277   yfor             
281   yident           i
259   yassign          
309   ystring          abcd
311   yto              
309   ystring          xyz
269   ydo              
260   ybegin           
281   yident           a
284   yleftbracket     
281   yident           i
305   yrightbracket    
259   yassign          
281   yident           i
307   ysemicolon       
317   ywrite           
285   yleftparen       
281   yident           a
284   yleftbracket     
281   yident           i
305   yrightbracket    
264   ycomma           
309   ystring           
306   yrightparen      
307   ysemicolon       
274   yend             
307   ysemicolon       
318   ywriteln         
307   ysemicolon       
274   yend             
270   ydot             
