300   yprogram         
281   yident           funcerror
285   yleftparen       
281   yident           input
264   ycomma           
281   yident           output
306   yrightparen      
307   ysemicolon       
265   yconst           
281   yident           size
275   yequal           
295   ynumber          10
307   ysemicolon       
313   ytype            
281   yident           array1D
275   yequal           
258   yarray           
284   yleftbracket     
295   ynumber          1
271   ydotdot          
295   ynumber          10
305   yrightbracket    
296   yof              
281   yident           integer
307   ysemicolon       
315   yvar             
281   yident           list
263   ycolon           
281   yident           array1D
307   ysemicolon       
281   yident           mycount
263   ycolon           
281   yident           integer
307   ysemicolon       
281   yident           i
264   ycomma           
281   yident           j
264   ycomma           
281   yident           k
263   ycolon           
281   yident           integer
307   ysemicolon       
/* ************************************************************************* */
/* procedure readlist                                                        */
/* ************************************************************************* */
299   yprocedure       
281   yident           readlist
285   yleftparen       
315   yvar             
281   yident           list
263   ycolon           
281   yident           array1D
307   ysemicolon       
281   yident           size
263   ycolon           
281   yident           integer
306   yrightparen      
307   ysemicolon       
315   yvar             
281   yident           i
263   ycolon           
281   yident           integer
307   ysemicolon       
260   ybegin           
277   yfor             
281   yident           i
259   yassign          
295   ynumber          1
311   yto              
281   yident           size
269   ydo              
301   yread            
285   yleftparen       
281   yident           list
284   yleftbracket     
281   yident           i
305   yrightbracket    
306   yrightparen      
274   yend             
307   ysemicolon       
/* ************************************************************************* */
/* function average                                                          */
/* ************************************************************************* */
278   yfunction        
281   yident           average
285   yleftparen       
281   yident           list
263   ycolon           
281   yident           array1D
307   ysemicolon       
281   yident           size
263   ycolon           
281   yident           integer
306   yrightparen      
263   ycolon           
281   yident           integer
307   ysemicolon       
315   yvar             
281   yident           i
264   ycomma           
281   yident           sum
263   ycolon           
281   yident           integer
307   ysemicolon       
260   ybegin           
281   yident           sum
259   yassign          
295   ynumber          0
307   ysemicolon       
277   yfor             
281   yident           i
259   yassign          
295   ynumber          1
311   yto              
281   yident           size
269   ydo              
281   yident           sum
259   yassign          
281   yident           sum
298   yplus            
281   yident           list
284   yleftbracket     
281   yident           i
305   yrightbracket    
307   ysemicolon       
281   yident           average
259   yassign          
281   yident           sum
267   ydiv             
281   yident           size
307   ysemicolon       
274   yend             
307   ysemicolon       
/* ************************************************************************* */
/* function junk                                                          */
/* ************************************************************************* */
278   yfunction        
281   yident           junk
285   yleftparen       
281   yident           list
263   ycolon           
281   yident           array1D
307   ysemicolon       
281   yident           size
263   ycolon           
281   yident           integer
306   yrightparen      
263   ycolon           
281   yident           integer
307   ysemicolon       
260   ybegin           
274   yend             
307   ysemicolon       
/* ************************************************************************** */
/* main program                                                               */
/* ************************************************************************** */
260   ybegin           
318   ywriteln         
285   yleftparen       
309   ystring          Here are the numbers:
306   yrightparen      
307   ysemicolon       
318   ywriteln         
307   ysemicolon       
277   yfor             
281   yident           mycount
259   yassign          
295   ynumber          1
311   yto              
281   yident           size
269   ydo              
260   ybegin           
318   ywriteln         
285   yleftparen       
281   yident           list
284   yleftbracket     
281   yident           mycount
305   yrightbracket    
306   yrightparen      
274   yend             
307   ysemicolon       
318   ywriteln         
285   yleftparen       
309   ystring          average = 
264   ycomma           
281   yident           average
285   yleftparen       
281   yident           list
264   ycomma           
281   yident           size
306   yrightparen      
306   yrightparen      
307   ysemicolon       
281   yident           i
259   yassign          
295   ynumber          10
307   ysemicolon       
281   yident           j
259   yassign          
295   ynumber          20
307   ysemicolon       
281   yident           junk
259   yassign          
281   yident           i
298   yplus            
281   yident           j
307   ysemicolon       
/* illegal function on left */
281   yident           junk
285   yleftparen       
281   yident           i
264   ycomma           
281   yident           j
306   yrightparen      
259   yassign          
281   yident           i
298   yplus            
281   yident           j
307   ysemicolon       
/* illegal function on left */
301   yread            
285   yleftparen       
281   yident           junk
264   ycomma           
281   yident           junk
285   yleftparen       
281   yident           i
264   ycomma           
281   yident           j
306   yrightparen      
306   yrightparen      
/* illegal function in read */
274   yend             
270   ydot             
