(* This comment never terminates
319   yunknown         
