319   yunknown         '
281   yident           This
281   yident           string
281   yident           never
281   yident           terminates
